
> barbersaas-mvp@0.2.0 build
> next build

  ▲ Next.js 14.2.35
  - Environments: .env

   Creating an optimized production build ...
 ✓ Compiled successfully
   Linting and checking validity of types ...
   Collecting page data ...
   Generating static pages (0/30) ...
   Generating static pages (7/30) 
   Generating static pages (14/30) 
npm :  ⨯ 
useSearchParams() 
should be wrapped in 
a suspense boundary 
at page 
"/auth/login". Read 
more: https://nextjs.
org/docs/messages/mis
sing-suspense-with-cs
r-bailout
No linha:1 
caractere:1
+ npm run build > 
build_output.txt 2>&1
+ ~~~~~~~~~~~~~~~~~~~
~~~~~~~~~~~~~~~~~~
    + CategoryInfo   
           : NotSpe  
  cified: ( ⨯ useS   
 earchPar...ith-c    
sr-bailout:Strin    
g) [], RemoteExc    
eption
    + FullyQualified 
   ErrorId : Native  
  CommandError
 
    at o (C:\Users\Br
uno\Downloads\barbers
aas-mvp-v2\.next\serv
er\chunks\471.js:1:10
500)
    at d (C:\Users\Br
uno\Downloads\barbers
aas-mvp-v2\.next\serv
er\chunks\471.js:1:21
392)
    at o (C:\Users\Br
uno\Downloads\barbers
aas-mvp-v2\.next\serv
er\app\auth\login\pag
e.js:1:2172)
    at nj (C:\Users\B
runo\Downloads\barber
saas-mvp-v2\node_modu
les\next\dist\compile
d\next-server\app-pag
e.runtime.prod.js:12:
46252)
    at nM (C:\Users\B
runo\Downloads\barber
saas-mvp-v2\node_modu
les\next\dist\compile
d\next-server\app-pag
e.runtime.prod.js:12:
47572)
    at nL (C:\Users\B
runo\Downloads\barber
saas-mvp-v2\node_modu
les\next\dist\compile
d\next-server\app-pag
e.runtime.prod.js:12:
64547)
    at nI (C:\Users\B
runo\Downloads\barber
saas-mvp-v2\node_modu
les\next\dist\compile
d\next-server\app-pag
e.runtime.prod.js:12:
47011)
    at nM (C:\Users\B
runo\Downloads\barber
saas-mvp-v2\node_modu
les\next\dist\compile
d\next-server\app-pag
e.runtime.prod.js:12:
47718)
    at nM (C:\Users\B
runo\Downloads\barber
saas-mvp-v2\node_modu
les\next\dist\compile
d\next-server\app-pag
e.runtime.prod.js:12:
61547)
    at nL (C:\Users\B
runo\Downloads\barber
saas-mvp-v2\node_modu
les\next\dist\compile
d\next-server\app-pag
e.runtime.prod.js:12:
64547)

Error occurred 
prerendering page 
"/auth/login". Read 
more: https://nextjs.
org/docs/messages/pre
render-error

   Generating static pages (22/30) 
 ✓ Generating static pages (30/30)

> Export encountered 
errors on following 
paths:
	/auth/login/page: 
/auth/login
